jshell> int myFirstNumber = (10 + 5) + (2 * 10);
myFirstNumber ==> 35

jshell> int mySecondNumber = 12;
mySecondNumber ==> 12

jshell> int myThirdNumber = 6;
myThirdNumber ==> 6

jshell> /var
|    int myFirstNumber = 35
|    int mySecondNumber = 12
|    int myThirdNumber = 6

jshell> int myTotal = myFirstNumber + mySecondNumber + myThirdNumber;
myTotal ==> 53

jshell> myThirdNumber = myFirstNumber * 2;
myThirdNumber ==> 70

jshell> myTotal = myFirstNumber + mySecondNumber + myThirdNumber;
myTotal ==> 117

jshell> int myLastOne = 1000 - myTotal;
myLastOne ==> 883

jshell> System.out.print(myLastOne)
883

jshell> System.out.print(MyLastOne)
|  Error:
|  cannot find symbol
|    symbol:   variable MyLastOne
|  System.out.print(MyLastOne)